xml\json\transformer\application\XmlAdapterService$1.class
xml\json\transformer\application\XmlAdapterService.class
xml\json\transformer\domain\InvoiceData.class
xml\json\transformer\application\ui\JsonFormUI.class
xml\json\transformer\ui\AppIcon.class
xml\json\transformer\ui\DateTimePicker.class
xml\json\transformer\ui\UiDialogs.class
xml\json\transformer\licensing\LicenseModels$LicensePayload.class
xml\json\transformer\licensing\LicenseModels$LicenseFile.class
xml\json\transformer\infrastructure\JsonAdapter.class
xml\json\transformer\licensing\WinDpapi.class
xml\json\transformer\infrastructure\XmlAdapter.class
xml\json\transformer\licensing\FingerprintServiceWin$Components.class
dev\CanonTool.class
xml\json\transformer\domain\UserData$Servicios.class
xml\json\transformer\licensing\FingerprintServiceWin.class
xml\json\transformer\licensing\ActivationDialog.class
xml\json\transformer\application\model\FormInput.class
xml\json\transformer\licensing\LicenseVerifier.class
xml\json\transformer\application\JsonBuilderService.class
xml\json\transformer\licensing\ActivationGate.class
xml\json\transformer\licensing\LicenseModels.class
xml\json\transformer\Main.class
xml\json\transformer\licensing\LicenseStorage.class
xml\json\transformer\domain\UserData.class
xml\json\transformer\application\Defaults.class
xml\json\transformer\domain\UserData$OtrosServicios.class
