C:\Users\nicol\IdeaProjects\xml_transformer\src\main\java\dev\CanonTool.java
C:\Users\nicol\IdeaProjects\xml_transformer\src\main\java\xml\json\transformer\application\Defaults.java
C:\Users\nicol\IdeaProjects\xml_transformer\src\main\java\xml\json\transformer\application\JsonBuilderService.java
C:\Users\nicol\IdeaProjects\xml_transformer\src\main\java\xml\json\transformer\application\model\FormInput.java
C:\Users\nicol\IdeaProjects\xml_transformer\src\main\java\xml\json\transformer\application\ui\JsonFormUI.java
C:\Users\nicol\IdeaProjects\xml_transformer\src\main\java\xml\json\transformer\application\XmlAdapterService.java
C:\Users\nicol\IdeaProjects\xml_transformer\src\main\java\xml\json\transformer\domain\InvoiceData.java
C:\Users\nicol\IdeaProjects\xml_transformer\src\main\java\xml\json\transformer\domain\UserData.java
C:\Users\nicol\IdeaProjects\xml_transformer\src\main\java\xml\json\transformer\infrastructure\JsonAdapter.java
C:\Users\nicol\IdeaProjects\xml_transformer\src\main\java\xml\json\transformer\infrastructure\XmlAdapter.java
C:\Users\nicol\IdeaProjects\xml_transformer\src\main\java\xml\json\transformer\licensing\ActivationDialog.java
C:\Users\nicol\IdeaProjects\xml_transformer\src\main\java\xml\json\transformer\licensing\ActivationGate.java
C:\Users\nicol\IdeaProjects\xml_transformer\src\main\java\xml\json\transformer\licensing\FingerprintServiceWin.java
C:\Users\nicol\IdeaProjects\xml_transformer\src\main\java\xml\json\transformer\licensing\LicenseModels.java
C:\Users\nicol\IdeaProjects\xml_transformer\src\main\java\xml\json\transformer\licensing\LicenseStorage.java
C:\Users\nicol\IdeaProjects\xml_transformer\src\main\java\xml\json\transformer\licensing\LicenseVerifier.java
C:\Users\nicol\IdeaProjects\xml_transformer\src\main\java\xml\json\transformer\licensing\WinDpapi.java
C:\Users\nicol\IdeaProjects\xml_transformer\src\main\java\xml\json\transformer\Main.java
C:\Users\nicol\IdeaProjects\xml_transformer\src\main\java\xml\json\transformer\ui\AppIcon.java
C:\Users\nicol\IdeaProjects\xml_transformer\src\main\java\xml\json\transformer\ui\DateTimePicker.java
C:\Users\nicol\IdeaProjects\xml_transformer\src\main\java\xml\json\transformer\ui\UiDialogs.java
